Traceback (most recent call last):
  File "/home/openclaw/research-agent/projects/relaleap/repos/relaleap/projects/causal-fibres-ladder/repos/relaleap-e1/scripts/run_e4_non_label_constraints.py", line 12, in <module>
    from relaleap.hdpc.e1_homotopy import (
ModuleNotFoundError: No module named 'relaleap'
Command exited with non-zero status 1
	Command being timed: "bash command.sh"
	User time (seconds): 0.04
	System time (seconds): 0.01
	Percent of CPU this job got: 98%
	Elapsed (wall clock) time (h:mm:ss or m:ss): 0:00.05
	Average shared text size (kbytes): 0
	Average unshared data size (kbytes): 0
	Average stack size (kbytes): 0
	Average total size (kbytes): 0
	Maximum resident set size (kbytes): 26260
	Average resident set size (kbytes): 0
	Major (requiring I/O) page faults: 0
	Minor (reclaiming a frame) page faults: 3754
	Voluntary context switches: 3
	Involuntary context switches: 3
	Swaps: 0
	File system inputs: 0
	File system outputs: 8
	Socket messages sent: 0
	Socket messages received: 0
	Signals delivered: 0
	Page size (bytes): 4096
	Exit status: 1
